---
source: src/gpu_handle/overdrive/vega20.rs
expression: commands
---
- s 0 800
- s 1 2400
- m 1 900

